{
    "input": {
        "content": [
            "Samplesheet_pacbio_ITS.tsv:md5,905b0fc4850149d6457c9da7076c2c2d",
            "Metadata_pacbio_ITS.tsv:md5,51d81b0fe29f6377fa21ce8399fc5ae0"
        ],
        "timestamp": "2023-06-20T16:40:18+0000"
    },
    "SBDI": {
        "content": [
            "dna.tsv:md5,061ca46725294da75acd8237390f4291",
            "emof.tsv:md5,c6599c76a70fe5458db56ff8c2e89a37",
            "event.tsv:md5,bfcf7d8ac2a3c6b48d075d6dc235f0e4"
        ],
        "timestamp": "2023-06-20T16:40:18+0000"
    },
    "cutadapt": {
        "content": [
            "cutadapt_summary.tsv:md5,d185ccd02c22b859fcaf2e5158ce70c6"
        ],
        "timestamp": "2023-06-20T16:40:18+0000"
    },
    "qiime2": {
        "content": [
            "descriptive_stats.tsv:md5,f857c6de0bcb1080a0d6fabd7e87c283",
            "seven_number_summary.tsv:md5,ef0fd839c0f691c0bbf478de3e724d34"
        ],
        "timestamp": "2023-06-20T16:40:18+0000"
    },
    "overall_summary_tsv": {
        "content": [
            "overall_summary.tsv:md5,680baf14004fc0591c2a333c7e5e85b3"
        ],
        "timestamp": "2023-06-20T16:40:18+0000"
    },
    "dada2": {
        "content": [
            "ASV_seqs.fasta:md5,a2632b1cc533d290db19ceedaf350dcd",
            "ASV_table.tsv:md5,6de5507a0fcb0c9b03f8fec0270440be",
            "DADA2_stats.tsv:md5,4bbde0bbf579f60e692bd32d14034f0d",
            "DADA2_table.rds:md5,a36558c04a7b21050bb6e479b09bd483",
            "DADA2_table.tsv:md5,7e7aab7ae9a3b20fb08f3fe7f8b0430c"
        ],
        "timestamp": "2023-06-20T16:40:18+0000"
    },
    "barrnap": {
        "content": [
            "rrna.arc.gff:md5,6bb50a4c244d80d56e759ecfbb045381",
            "rrna.bac.gff:md5,7c38dd6692b792ace17142158afeb33e",
            "rrna.euk.gff:md5,8ae155cbe43335084a0c9a2ccd655cb3",
            "rrna.mito.gff:md5,df19e1b84ba6f691d20c72b397c88abf"
        ],
        "timestamp": "2023-06-20T16:40:18+0000"
    },
    "multiqc": {
        "content": [
            "multiqc_general_stats.txt:md5,adb8a2b3b0ac2de5d7d5fbfac81cbdaf",
            "multiqc_cutadapt.txt:md5,ae5e5bf06cdbfa4d8305bbcb61c3ba04"
        ],
        "timestamp": "2023-06-20T16:40:18+0000"
    }
}
